{"ok":true,"subsystem":"udp_handshake","role":"server","stage":"socket_bind","last_success_stage":"socket_bind"}
{"experiment_id":"reviewer-25e0daa-primary-a-warm-diagnostic-server","role":"server","event":"start","seq":0,"count":3,"record_payload_bytes":16,"application_bytes_total":48,"udp_port":40085,"tcp_port":40086,"max_seconds":15 }
{"ok":true,"subsystem":"udp_handshake","role":"server","stage":"server_recv","last_success_stage":"server_recv"}
{"experiment_id":"reviewer-25e0daa-primary-a-warm-diagnostic-server","role":"server","event":"udp_hello_received","seq":0 }
carrier_event name=udp_negotiated session=7001 generation=0 version=0
carrier_event name=udp_authenticated session=7001 generation=0
{"experiment_id":"reviewer-25e0daa-primary-a-warm-diagnostic-server","role":"server","event":"udp_noise_response_retried","seq":0 }
{"experiment_id":"reviewer-25e0daa-primary-a-warm-diagnostic-server","role":"server","event":"udp_datagram_received","seq":1,"ciphertext_bytes":96 }
{"experiment_id":"reviewer-25e0daa-primary-a-warm-diagnostic-server","role":"server","event":"udp_delivery_ack_sent","seq":0,"ciphertext_bytes":86 }
{"experiment_id":"reviewer-25e0daa-primary-a-warm-diagnostic-server","role":"server","event":"udp_datagram_received","seq":1,"ciphertext_bytes":96 }
{"experiment_id":"reviewer-25e0daa-primary-a-warm-diagnostic-server","role":"server","event":"udp_reply_ceased","seq":1,"reason":"bounded_test_seam" }
carrier_event name=tcp_negotiated session=7001 generation=1 version=0
carrier_event name=tcp_authenticated session=7001 generation=1
carrier_event name=tcp_resume_validated session=7001 generation=1
{"experiment_id":"reviewer-25e0daa-primary-a-warm-diagnostic-server","role":"server","event":"tcp_readiness_response","seq":1,"admitted":true,"ciphertext_bytes":95 }
{"experiment_id":"reviewer-25e0daa-primary-a-warm-diagnostic-server","role":"server","event":"tcp_readiness_response","seq":2,"admitted":true,"ciphertext_bytes":95 }
{"experiment_id":"reviewer-25e0daa-primary-a-warm-diagnostic-server","role":"server","event":"tcp_readiness_response","seq":3,"admitted":true,"ciphertext_bytes":95 }
carrier_event name=tcp_resource_admitted session=7001 target_path=2 generation=1 delivery_epoch=1 final_challenge=3 source=runtime_limits
{"experiment_id":"reviewer-25e0daa-primary-a-warm-diagnostic-server","role":"server","event":"tcp_delivery_ack_sent","seq":1,"ciphertext_bytes":86 }
{"experiment_id":"reviewer-25e0daa-primary-a-warm-diagnostic-server","role":"server","event":"tcp_delivery_ack_sent","seq":2,"ciphertext_bytes":86 }
carrier_event name=tcp_resumed session=7001 generation=1
failover_server_ok session=7001 records=3 application_bytes_total=48 bytes_hex=787878787878787878787878787878787878787878787878787878787878787878787878787878787878787878787878 failover_mode=automatic_health_failure controlled_udp_stop=false udp_port=40085 tcp_port=40086
{"experiment_id":"reviewer-25e0daa-primary-a-warm-diagnostic-server","role":"server","event":"summary","seq":3,"classification":"A","records":3,"application_bytes_total":48 }
