client_public_key=cfe4540edb891a0a5dde060c8e00a4717bc68cda4e18618789ccd0cdb6a1411b
probe_ok transport=udp bytes=32 elapsed_ms=1
{"experiment_id":"plpmtud-v4-rc1278-l5-long","role":"client","subsystem":"plpmtud","event":"plpmtud_probe_sent","seq":1,"probe_size":1389,"padding_len":1287 }
{"experiment_id":"plpmtud-v4-rc1278-l5-long","role":"client","subsystem":"plpmtud","event":"plpmtud_probe_timeout_retry","seq":1,"probe_size":1389 }
{"experiment_id":"plpmtud-v4-rc1278-l5-long","role":"client","subsystem":"plpmtud","event":"plpmtud_probe_sent","seq":2,"probe_size":1389,"padding_len":1287 }
{"experiment_id":"plpmtud-v4-rc1278-l5-long","role":"client","subsystem":"plpmtud","event":"plpmtud_probe_timeout_lowered_bound","seq":2,"probe_size":1389 }
{"experiment_id":"plpmtud-v4-rc1278-l5-long","role":"client","subsystem":"plpmtud","event":"plpmtud_probe_sent","seq":3,"probe_size":1333,"padding_len":1231 }
{"experiment_id":"plpmtud-v4-rc1278-l5-long","role":"client","subsystem":"plpmtud","event":"plpmtud_probe_timeout_retry","seq":3,"probe_size":1333 }
{"experiment_id":"plpmtud-v4-rc1278-l5-long","role":"client","subsystem":"plpmtud","event":"plpmtud_probe_sent","seq":4,"probe_size":1333,"padding_len":1231 }
{"experiment_id":"plpmtud-v4-rc1278-l5-long","role":"client","subsystem":"plpmtud","event":"plpmtud_probe_timeout_lowered_bound","seq":4,"probe_size":1333 }
{"experiment_id":"plpmtud-v4-rc1278-l5-long","role":"client","subsystem":"plpmtud","event":"plpmtud_probe_sent","seq":5,"probe_size":1305,"padding_len":1203 }
{"experiment_id":"plpmtud-v4-rc1278-l5-long","role":"client","subsystem":"plpmtud","event":"plpmtud_probe_timeout_retry","seq":5,"probe_size":1305 }
{"experiment_id":"plpmtud-v4-rc1278-l5-long","role":"client","subsystem":"plpmtud","event":"plpmtud_probe_sent","seq":6,"probe_size":1305,"padding_len":1203 }
{"experiment_id":"plpmtud-v4-rc1278-l5-long","role":"client","subsystem":"plpmtud","event":"plpmtud_probe_timeout_lowered_bound","seq":6,"probe_size":1305 }
{"experiment_id":"plpmtud-v4-rc1278-l5-long","role":"client","subsystem":"plpmtud","event":"plpmtud_probe_sent","seq":7,"probe_size":1291,"padding_len":1189 }
{"experiment_id":"plpmtud-v4-rc1278-l5-long","role":"client","subsystem":"plpmtud","event":"plpmtud_probe_timeout_retry","seq":7,"probe_size":1291 }
{"experiment_id":"plpmtud-v4-rc1278-l5-long","role":"client","subsystem":"plpmtud","event":"plpmtud_probe_sent","seq":8,"probe_size":1291,"padding_len":1189 }
{"experiment_id":"plpmtud-v4-rc1278-l5-long","role":"client","subsystem":"plpmtud","event":"plpmtud_probe_timeout_lowered_bound","seq":8,"probe_size":1291 }
{"experiment_id":"plpmtud-v4-rc1278-l5-long","role":"client","subsystem":"plpmtud","event":"plpmtud_probe_sent","seq":9,"probe_size":1284,"padding_len":1182 }
{"experiment_id":"plpmtud-v4-rc1278-l5-long","role":"client","subsystem":"plpmtud","event":"plpmtud_probe_timeout_retry","seq":9,"probe_size":1284 }
{"experiment_id":"plpmtud-v4-rc1278-l5-long","role":"client","subsystem":"plpmtud","event":"plpmtud_probe_sent","seq":10,"probe_size":1284,"padding_len":1182 }
{"experiment_id":"plpmtud-v4-rc1278-l5-long","role":"client","subsystem":"plpmtud","event":"plpmtud_probe_timeout_lowered_bound","seq":10,"probe_size":1284 }
{"experiment_id":"plpmtud-v4-rc1278-l5-long","role":"client","subsystem":"plpmtud","event":"plpmtud_probe_sent","seq":11,"probe_size":1281,"padding_len":1179 }
{"experiment_id":"plpmtud-v4-rc1278-l5-long","role":"client","subsystem":"plpmtud","event":"plpmtud_probe_timeout_retry","seq":11,"probe_size":1281 }
{"experiment_id":"plpmtud-v4-rc1278-l5-long","role":"client","subsystem":"plpmtud","event":"plpmtud_probe_sent","seq":12,"probe_size":1281,"padding_len":1179 }
{"experiment_id":"plpmtud-v4-rc1278-l5-long","role":"client","subsystem":"plpmtud","event":"plpmtud_probe_timeout_lowered_bound","seq":12,"probe_size":1281 }
{"experiment_id":"plpmtud-v4-rc1278-l5-long","role":"client","subsystem":"plpmtud","event":"plpmtud_probe_sent","seq":13,"probe_size":1279,"padding_len":1177 }
{"experiment_id":"plpmtud-v4-rc1278-l5-long","role":"client","subsystem":"plpmtud","event":"plpmtud_probe_timeout_retry","seq":13,"probe_size":1279 }
{"experiment_id":"plpmtud-v4-rc1278-l5-long","role":"client","subsystem":"plpmtud","event":"plpmtud_probe_sent","seq":14,"probe_size":1279,"padding_len":1177 }
